audio_player.c:36:19:WM8978_Register_Wirter	40	static
audio_player.c:44:6:WAV_FileInit	4	static
audio_player.c:47:6:WM8978_Output_Cfg	24	static
audio_player.c:71:10:WM8978_Read_Reg	16	static
audio_player.c:75:6:WM8978_AUX_Gain	24	static
audio_player.c:88:10:WAV_FileRead	16	static
audio_player.c:101:6:WM8978_LINEIN_Gain	24	static
audio_player.c:113:6:WM8978_ADDA_Cfg	24	static
audio_player.c:125:6:WM8978_Input_Cfg	24	static
audio_player.c:144:19:HAL_I2S_Transmit_DMAEx	48	static
audio_player.c:221:13:DMAEx_XferCpltCallback	16	static
audio_player.c:236:13:DMAEx_XferM1CpltCallback	16	static
audio_player.c:247:13:DMAEx_XferErrorCallback	16	static
audio_player.c:268:6:I2S_DMA_Enable	16	static
audio_player.c:279:9:I2S2_SampleRate_Set	40	static
audio_player.c:306:6:Audio_Player_Init	8	static
audio_player.c:324:6:Audio_Set_Volume	16	static
audio_player.c:339:6:Audio_Player_Start	8	static
audio_player.c:345:6:Audio_Player_Pause	8	static
audio_player.c:349:6:Audio_Player_Resume	8	static
audio_player.c:353:6:Audio_Player_Stop	8	static
