stm32f4xx_hal_msp.c:64:6:HAL_MspInit	16	static
stm32f4xx_hal_msp.c:86:6:HAL_I2C_MspInit	48	static
stm32f4xx_hal_msp.c:122:6:HAL_I2C_MspDeInit	16	static
stm32f4xx_hal_msp.c:153:6:HAL_I2S_MspInit	64	static
stm32f4xx_hal_msp.c:240:6:HAL_I2S_MspDeInit	16	static
stm32f4xx_hal_msp.c:276:6:HAL_UART_MspInit	48	static
stm32f4xx_hal_msp.c:320:6:HAL_UART_MspDeInit	16	static
stm32f4xx_hal_msp.c:347:13:HAL_FSMC_MspInit	32	static
stm32f4xx_hal_msp.c:442:6:HAL_SRAM_MspInit	16	static
stm32f4xx_hal_msp.c:454:13:HAL_FSMC_MspDeInit	8	static
stm32f4xx_hal_msp.c:527:6:HAL_SRAM_MspDeInit	16	static
