audio_player.c:36:10:WM8978_Read_Reg	16	static
audio_player.c:46:19:WM8978_Register_Wirter	40	static
audio_player.c:57:6:WAV_FileInit	4	static
audio_player.c:62:10:WAV_FileRead	24	static
audio_player.c:82:19:HAL_I2S_Transmit_DMAEx	48	static
audio_player.c:163:13:DMAEx_XferCpltCallback	16	static
audio_player.c:168:13:DMAEx_XferM1CpltCallback	16	static
audio_player.c:173:13:DMAEx_XferErrorCallback	16	static
audio_player.c:177:6:WM8978_I2S_Cfg	16	static
audio_player.c:183:6:WM8978_ADDA_Cfg	24	static
audio_player.c:195:6:WM8978_AUX_Gain	24	static
audio_player.c:207:6:WM8978_Input_Cfg	24	static
audio_player.c:226:6:WM8978_Output_Cfg	24	static
audio_player.c:240:6:WM8978_MIC_Gain	16	static
audio_player.c:246:6:WM8978_LINEIN_Gain	24	static
audio_player.c:258:6:WM8978_HPvol_Set	16	static
audio_player.c:270:6:WM8978_SPKvol_Set	16	static
audio_player.c:279:6:Audio_Player_Init	8	static
audio_player.c:302:6:Audio_Player_Init2	8	static
audio_player.c:321:6:Audio_Player_Start	4	static
audio_player.c:326:6:Audio_Player_Pause	8	static
audio_player.c:331:6:Audio_Player_Resume	8	static
audio_player.c:336:6:Audio_Player_Stop	8	static
