stm32f4xx_hal_msp.c:68:6:HAL_MspInit	16	static
stm32f4xx_hal_msp.c:90:6:HAL_I2C_MspInit	48	static
stm32f4xx_hal_msp.c:126:6:HAL_I2C_MspDeInit	16	static
stm32f4xx_hal_msp.c:157:6:HAL_I2S_MspInit	64	static
stm32f4xx_hal_msp.c:244:6:HAL_I2S_MspDeInit	16	static
stm32f4xx_hal_msp.c:280:6:HAL_SD_MspInit	48	static
stm32f4xx_hal_msp.c:375:6:HAL_SD_MspDeInit	16	static
stm32f4xx_hal_msp.c:417:6:HAL_UART_MspInit	48	static
stm32f4xx_hal_msp.c:453:6:HAL_UART_MspDeInit	16	static
stm32f4xx_hal_msp.c:478:13:HAL_FSMC_MspInit	32	static
stm32f4xx_hal_msp.c:573:6:HAL_SRAM_MspInit	16	static
stm32f4xx_hal_msp.c:585:13:HAL_FSMC_MspDeInit	8	static
stm32f4xx_hal_msp.c:658:6:HAL_SRAM_MspDeInit	16	static
