tcpClientRAW.c:203:6:rec_i2s_dma_rx_callback	8	static
tcpClientRAW.c:299:13:tcp_err2	16	static
tcpClientRAW.c:348:6:send_poolsize	24	static
tcpClientRAW.c:374:6:recoder_wav_init	16	static
tcpClientRAW.c:399:6:tcp_client_init	16	static
tcpClientRAW.c:439:14:tcp_client_connected	32	static
tcpClientRAW.c:488:14:tcp_client_recv	32	static
tcpClientRAW.c:588:14:tcp_client_poll	24	static
tcpClientRAW.c:618:14:tcp_client_sent	32	static
tcpClientRAW.c:641:13:tcp_client_send	24	static
tcpClientRAW.c:655:13:tcp_client_send2	16	static
tcpClientRAW.c:666:13:tcp_client_connection_close	16	static
tcpClientRAW.c:687:13:tcp_client_handle	16	static
