ethernetif.c:82:6:HAL_ETH_MspInit	64	static
ethernetif.c:137:6:HAL_ETH_MspDeInit	16	static
ethernetif.c:187:13:low_level_init	32	static
ethernetif.c:303:14:low_level_output	48	static
ethernetif.c:387:22:low_level_input	56	static
ethernetif.c:476:6:ethernetif_input	24	static
ethernetif.c:531:7:ethernetif_init	16	static
ethernetif.c:578:7:sys_jiffies	8	static
ethernetif.c:589:7:sys_now	8	static
ethernetif.c:605:6:ethernetif_set_link	24	static
ethernetif.c:643:6:ethernetif_update_config	24	static
ethernetif.c:731:13:ethernetif_notify_conn_changed	16	static
